Archive member included because of file (symbol)

c:/winavr-20100110/bin/../lib/gcc/avr/4.3.3/avr5\libgcc.a(_divmodhi4.o)
                              example_PRESENT.o (__divmodhi4)
c:/winavr-20100110/bin/../lib/gcc/avr/4.3.3/avr5\libgcc.a(_exit.o)
                              c:/winavr-20100110/bin/../lib/gcc/avr/4.3.3/../../../../avr/lib/avr5/crtm163.o (exit)
c:/winavr-20100110/bin/../lib/gcc/avr/4.3.3/avr5\libgcc.a(_copy_data.o)
                              t1.o (__do_copy_data)
c:/winavr-20100110/bin/../lib/gcc/avr/4.3.3/avr5\libgcc.a(_clear_bss.o)
                              main.o (__do_clear_bss)
c:/winavr-20100110/bin/../lib/gcc/avr/4.3.3/avr5\libgcc.a(_udivmodhi4.o)
                              c:/winavr-20100110/bin/../lib/gcc/avr/4.3.3/avr5\libgcc.a(_divmodhi4.o) (__udivmodhi4)

Allocating common symbols
Common symbol       size              file

response_APDU       0x26              main.o
direction           0x1               io.o
p_command_APDU      0x2               main.o
p_response_APDU     0x2               main.o
command_APDU        0x49              main.o

Memory Configuration

Name             Origin             Length             Attributes
text             0x00000000         0x00020000         xr
data             0x00800060         0x0000ffa0         rw !x
eeprom           0x00810000         0x00010000         rw !x
fuse             0x00820000         0x00000400         rw !x
lock             0x00830000         0x00000400         rw !x
signature        0x00840000         0x00000400         rw !x
*default*        0x00000000         0xffffffff

Linker script and memory map

LOAD c:/winavr-20100110/bin/../lib/gcc/avr/4.3.3/../../../../avr/lib/avr5/crtm163.o
LOAD main.o
LOAD commands.o
LOAD io.o
LOAD t1.o
LOAD crypt.o
LOAD example_C.o
LOAD example_ASM.o
LOAD example_PRESENT.o
LOAD c:/winavr-20100110/bin/../lib/gcc/avr/4.3.3/avr5\libgcc.a
LOAD c:/winavr-20100110/bin/../lib/gcc/avr/4.3.3/../../../../avr/lib/avr5\libc.a
LOAD c:/winavr-20100110/bin/../lib/gcc/avr/4.3.3/avr5\libgcc.a

.hash
 *(.hash)

.dynsym
 *(.dynsym)

.dynstr
 *(.dynstr)

.gnu.version
 *(.gnu.version)

.gnu.version_d
 *(.gnu.version_d)

.gnu.version_r
 *(.gnu.version_r)

.rel.init
 *(.rel.init)

.rela.init
 *(.rela.init)

.rel.text
 *(.rel.text)
 *(.rel.text.*)
 *(.rel.gnu.linkonce.t*)

.rela.text
 *(.rela.text)
 *(.rela.text.*)
 *(.rela.gnu.linkonce.t*)

.rel.fini
 *(.rel.fini)

.rela.fini
 *(.rela.fini)

.rel.rodata
 *(.rel.rodata)
 *(.rel.rodata.*)
 *(.rel.gnu.linkonce.r*)

.rela.rodata
 *(.rela.rodata)
 *(.rela.rodata.*)
 *(.rela.gnu.linkonce.r*)

.rel.data
 *(.rel.data)
 *(.rel.data.*)
 *(.rel.gnu.linkonce.d*)

.rela.data
 *(.rela.data)
 *(.rela.data.*)
 *(.rela.gnu.linkonce.d*)

.rel.ctors
 *(.rel.ctors)

.rela.ctors
 *(.rela.ctors)

.rel.dtors
 *(.rel.dtors)

.rela.dtors
 *(.rela.dtors)

.rel.got
 *(.rel.got)

.rela.got
 *(.rela.got)

.rel.bss
 *(.rel.bss)

.rela.bss
 *(.rela.bss)

.rel.plt
 *(.rel.plt)

.rela.plt
 *(.rela.plt)

.text           0x00000000      0xe56
 *(.vectors)
 .vectors       0x00000000       0x48 c:/winavr-20100110/bin/../lib/gcc/avr/4.3.3/../../../../avr/lib/avr5/crtm163.o
                0x00000000                __vectors
                0x00000000                __vector_default
 *(.vectors)
 *(.progmem.gcc*)
 *(.progmem*)
                0x00000048                . = ALIGN (0x2)
                0x00000048                __trampolines_start = .
 *(.trampolines)
 .trampolines   0x00000048        0x0 linker stubs
 *(.trampolines*)
                0x00000048                __trampolines_end = .
 *(.jumptables)
 *(.jumptables*)
 *(.lowtext)
 *(.lowtext*)
                0x00000048                __ctors_start = .
 *(.ctors)
                0x00000048                __ctors_end = .
                0x00000048                __dtors_start = .
 *(.dtors)
                0x00000048                __dtors_end = .
 SORT(*)(.ctors)
 SORT(*)(.dtors)
 *(.init0)
 .init0         0x00000048        0x0 c:/winavr-20100110/bin/../lib/gcc/avr/4.3.3/../../../../avr/lib/avr5/crtm163.o
                0x00000048                __init
 *(.init0)
 *(.init1)
 *(.init1)
 *(.init2)
 .init2         0x00000048        0xc c:/winavr-20100110/bin/../lib/gcc/avr/4.3.3/../../../../avr/lib/avr5/crtm163.o
 *(.init2)
 *(.init3)
 *(.init3)
 *(.init4)
 .init4         0x00000054       0x16 c:/winavr-20100110/bin/../lib/gcc/avr/4.3.3/avr5\libgcc.a(_copy_data.o)
                0x00000054                __do_copy_data
 .init4         0x0000006a       0x10 c:/winavr-20100110/bin/../lib/gcc/avr/4.3.3/avr5\libgcc.a(_clear_bss.o)
                0x0000006a                __do_clear_bss
 *(.init4)
 *(.init5)
 *(.init5)
 *(.init6)
 *(.init6)
 *(.init7)
 *(.init7)
 *(.init8)
 *(.init8)
 *(.init9)
 .init9         0x0000007a        0x8 c:/winavr-20100110/bin/../lib/gcc/avr/4.3.3/../../../../avr/lib/avr5/crtm163.o
 *(.init9)
 *(.text)
 .text          0x00000082        0x4 c:/winavr-20100110/bin/../lib/gcc/avr/4.3.3/../../../../avr/lib/avr5/crtm163.o
                0x00000082                __vector_1
                0x00000082                __vector_12
                0x00000082                __bad_interrupt
                0x00000082                __vector_6
                0x00000082                __vector_3
                0x00000082                __vector_11
                0x00000082                __vector_13
                0x00000082                __vector_17
                0x00000082                __vector_7
                0x00000082                __vector_5
                0x00000082                __vector_4
                0x00000082                __vector_9
                0x00000082                __vector_2
                0x00000082                __vector_15
                0x00000082                __vector_8
                0x00000082                __vector_14
                0x00000082                __vector_10
                0x00000082                __vector_16
 .text          0x00000086       0xd6 main.o
                0x00000086                main
 .text          0x0000015c      0x198 commands.o
                0x0000017a                command_verify_APDU_length
                0x0000015c                command_verify_APDU_parameters
                0x00000198                command_handler
 .text          0x000002f4      0x110 io.o
                0x0000038a                sendbytet0
                0x00000300                recbytet0
                0x000002fc                delay1etu
 .text          0x00000404      0x358 t1.o
                0x0000045c                t1_set_unexpected_parameters
                0x000005de                t1_receive_APDU
                0x0000044c                t1_set_unexpected_length
                0x00000416                t1_reset_response_APDU
                0x0000042c                t1_set_class_not_supported
                0x00000584                t1_transmit_ATR
                0x0000043c                t1_set_instruction_not_supported
                0x00000404                t1_reset_command_APDU
                0x0000046e                t1_send_APDU
 .text          0x0000075c      0x23a crypt.o
                0x0000075c                crypt_block_prepare_input
                0x00000788                crypt_block_prepare_output
                0x000008ac                crypt_asm_encrypt_16
                0x000007c2                crypt_present_encrypt_8_key
                0x00000948                crypt_c_encrypt_16
                0x000008fa                crypt_c_decrypt_16
                0x00000810                crypt_present_encrypt_8
                0x0000085e                crypt_asm_decrypt_16
 .text          0x00000996       0x8e example_C.o
                0x00000996                encrypt_c_16
                0x000009e2                decrypt_c_16
 .text          0x00000a24      0x104 example_ASM.o
                0x00000aa6                decrypt_asm_16
                0x00000a24                encrypt_asm_16
 .text          0x00000b28      0x2dc example_PRESENT.o
                0x00000b40                substitucniVrstva
                0x00000d10                encrypt_present_8
                0x00000b28                pridejRundovniKlic
                0x00000c6c                generujRundovniKlic
                0x00000b7a                permutacniVrstva
 .text          0x00000e04        0x0 c:/winavr-20100110/bin/../lib/gcc/avr/4.3.3/avr5\libgcc.a(_divmodhi4.o)
 .text          0x00000e04        0x0 c:/winavr-20100110/bin/../lib/gcc/avr/4.3.3/avr5\libgcc.a(_exit.o)
 .text          0x00000e04        0x0 c:/winavr-20100110/bin/../lib/gcc/avr/4.3.3/avr5\libgcc.a(_copy_data.o)
 .text          0x00000e04        0x0 c:/winavr-20100110/bin/../lib/gcc/avr/4.3.3/avr5\libgcc.a(_clear_bss.o)
 .text          0x00000e04        0x0 c:/winavr-20100110/bin/../lib/gcc/avr/4.3.3/avr5\libgcc.a(_udivmodhi4.o)
                0x00000e04                . = ALIGN (0x2)
 *(.text.*)
 .text.libgcc   0x00000e04       0x26 c:/winavr-20100110/bin/../lib/gcc/avr/4.3.3/avr5\libgcc.a(_divmodhi4.o)
                0x00000e04                __divmodhi4
                0x00000e04                _div
 .text.libgcc   0x00000e2a        0x0 c:/winavr-20100110/bin/../lib/gcc/avr/4.3.3/avr5\libgcc.a(_exit.o)
 .text.libgcc   0x00000e2a        0x0 c:/winavr-20100110/bin/../lib/gcc/avr/4.3.3/avr5\libgcc.a(_copy_data.o)
 .text.libgcc   0x00000e2a        0x0 c:/winavr-20100110/bin/../lib/gcc/avr/4.3.3/avr5\libgcc.a(_clear_bss.o)
 .text.libgcc   0x00000e2a       0x28 c:/winavr-20100110/bin/../lib/gcc/avr/4.3.3/avr5\libgcc.a(_udivmodhi4.o)
                0x00000e2a                __udivmodhi4
                0x00000e52                . = ALIGN (0x2)
 *(.fini9)
 .fini9         0x00000e52        0x0 c:/winavr-20100110/bin/../lib/gcc/avr/4.3.3/avr5\libgcc.a(_exit.o)
                0x00000e52                exit
                0x00000e52                _exit
 *(.fini9)
 *(.fini8)
 *(.fini8)
 *(.fini7)
 *(.fini7)
 *(.fini6)
 *(.fini6)
 *(.fini5)
 *(.fini5)
 *(.fini4)
 *(.fini4)
 *(.fini3)
 *(.fini3)
 *(.fini2)
 *(.fini2)
 *(.fini1)
 *(.fini1)
 *(.fini0)
 .fini0         0x00000e52        0x4 c:/winavr-20100110/bin/../lib/gcc/avr/4.3.3/avr5\libgcc.a(_exit.o)
 *(.fini0)
                0x00000e56                _etext = .

.data           0x00800060       0x3a load address 0x00000e56
                0x00800060                PROVIDE (__data_start, .)
 *(.data)
 .data          0x00800060        0x0 c:/winavr-20100110/bin/../lib/gcc/avr/4.3.3/../../../../avr/lib/avr5/crtm163.o
 .data          0x00800060        0x0 main.o
 .data          0x00800060        0x0 commands.o
 .data          0x00800060        0x0 io.o
 .data          0x00800060       0x10 t1.o
                0x00800066                ATR_HISTORICAL
                0x00800060                ATR
 .data          0x00800070       0x10 crypt.o
 .data          0x00800080        0x0 example_C.o
 .data          0x00800080        0x0 example_ASM.o
 .data          0x00800080       0x1a example_PRESENT.o
 .data          0x0080009a        0x0 c:/winavr-20100110/bin/../lib/gcc/avr/4.3.3/avr5\libgcc.a(_divmodhi4.o)
 .data          0x0080009a        0x0 c:/winavr-20100110/bin/../lib/gcc/avr/4.3.3/avr5\libgcc.a(_exit.o)
 .data          0x0080009a        0x0 c:/winavr-20100110/bin/../lib/gcc/avr/4.3.3/avr5\libgcc.a(_copy_data.o)
 .data          0x0080009a        0x0 c:/winavr-20100110/bin/../lib/gcc/avr/4.3.3/avr5\libgcc.a(_clear_bss.o)
 .data          0x0080009a        0x0 c:/winavr-20100110/bin/../lib/gcc/avr/4.3.3/avr5\libgcc.a(_udivmodhi4.o)
 *(.data*)
 *(.rodata)
 *(.rodata*)
 *(.gnu.linkonce.d*)
                0x0080009a                . = ALIGN (0x2)
                0x0080009a                _edata = .
                0x0080009a                PROVIDE (__data_end, .)

.bss            0x0080009a       0xd4
                0x0080009a                PROVIDE (__bss_start, .)
 *(.bss)
 .bss           0x0080009a        0x0 c:/winavr-20100110/bin/../lib/gcc/avr/4.3.3/../../../../avr/lib/avr5/crtm163.o
 .bss           0x0080009a        0x0 main.o
 .bss           0x0080009a        0x0 commands.o
 .bss           0x0080009a        0x0 io.o
 .bss           0x0080009a        0x0 t1.o
 .bss           0x0080009a       0x60 crypt.o
 .bss           0x008000fa        0x0 example_C.o
 .bss           0x008000fa        0x0 example_ASM.o
 .bss           0x008000fa        0x0 example_PRESENT.o
 .bss           0x008000fa        0x0 c:/winavr-20100110/bin/../lib/gcc/avr/4.3.3/avr5\libgcc.a(_divmodhi4.o)
 .bss           0x008000fa        0x0 c:/winavr-20100110/bin/../lib/gcc/avr/4.3.3/avr5\libgcc.a(_exit.o)
 .bss           0x008000fa        0x0 c:/winavr-20100110/bin/../lib/gcc/avr/4.3.3/avr5\libgcc.a(_copy_data.o)
 .bss           0x008000fa        0x0 c:/winavr-20100110/bin/../lib/gcc/avr/4.3.3/avr5\libgcc.a(_clear_bss.o)
 .bss           0x008000fa        0x0 c:/winavr-20100110/bin/../lib/gcc/avr/4.3.3/avr5\libgcc.a(_udivmodhi4.o)
 *(.bss*)
 *(COMMON)
 COMMON         0x008000fa       0x73 main.o
                0x008000fa                response_APDU
                0x00800120                p_command_APDU
                0x00800122                p_response_APDU
                0x00800124                command_APDU
 COMMON         0x0080016d        0x1 io.o
                0x0080016d                direction
                0x0080016e                PROVIDE (__bss_end, .)
                0x00000e56                __data_load_start = LOADADDR (.data)
                0x00000e90                __data_load_end = (__data_load_start + SIZEOF (.data))

.noinit         0x0080016e        0x0
                0x0080016e                PROVIDE (__noinit_start, .)
 *(.noinit*)
                0x0080016e                PROVIDE (__noinit_end, .)
                0x0080016e                _end = .
                0x0080016e                PROVIDE (__heap_start, .)

.eeprom         0x00810000        0x0
 *(.eeprom*)
                0x00810000                __eeprom_end = .

.fuse
 *(.fuse)
 *(.lfuse)
 *(.hfuse)
 *(.efuse)

.lock
 *(.lock*)

.signature
 *(.signature*)

.stab
 *(.stab)

.stabstr
 *(.stabstr)

.stab.excl
 *(.stab.excl)

.stab.exclstr
 *(.stab.exclstr)

.stab.index
 *(.stab.index)

.stab.indexstr
 *(.stab.indexstr)

.comment
 *(.comment)

.debug
 *(.debug)

.line
 *(.line)

.debug_srcinfo
 *(.debug_srcinfo)

.debug_sfnames
 *(.debug_sfnames)

.debug_aranges  0x00000000      0x100
 *(.debug_aranges)
 .debug_aranges
                0x00000000       0x20 main.o
 .debug_aranges
                0x00000020       0x20 commands.o
 .debug_aranges
                0x00000040       0x20 io.o
 .debug_aranges
                0x00000060       0x20 t1.o
 .debug_aranges
                0x00000080       0x20 crypt.o
 .debug_aranges
                0x000000a0       0x20 example_C.o
 .debug_aranges
                0x000000c0       0x20 example_ASM.o
 .debug_aranges
                0x000000e0       0x20 example_PRESENT.o

.debug_pubnames
                0x00000000      0x38b
 *(.debug_pubnames)
 .debug_pubnames
                0x00000000       0x65 main.o
 .debug_pubnames
                0x00000065       0x68 commands.o
 .debug_pubnames
                0x000000cd      0x11d t1.o
 .debug_pubnames
                0x000001ea       0xeb crypt.o
 .debug_pubnames
                0x000002d5       0x34 example_C.o
 .debug_pubnames
                0x00000309       0x82 example_PRESENT.o

.debug_info     0x00000000     0x1308
 *(.debug_info)
 .debug_info    0x00000000      0x1f3 main.o
 .debug_info    0x000001f3      0x404 commands.o
 .debug_info    0x000005f7       0x65 io.o
 .debug_info    0x0000065c      0x3de t1.o
 .debug_info    0x00000a3a      0x476 crypt.o
 .debug_info    0x00000eb0      0x10a example_C.o
 .debug_info    0x00000fba       0x6e example_ASM.o
 .debug_info    0x00001028      0x2e0 example_PRESENT.o
 *(.gnu.linkonce.wi.*)

.debug_abbrev   0x00000000      0x613
 *(.debug_abbrev)
 .debug_abbrev  0x00000000       0xcc main.o
 .debug_abbrev  0x000000cc      0x10b commands.o
 .debug_abbrev  0x000001d7       0x14 io.o
 .debug_abbrev  0x000001eb      0x15d t1.o
 .debug_abbrev  0x00000348      0x144 crypt.o
 .debug_abbrev  0x0000048c       0xa2 example_C.o
 .debug_abbrev  0x0000052e       0x14 example_ASM.o
 .debug_abbrev  0x00000542       0xd1 example_PRESENT.o

.debug_line     0x00000000      0xdd4
 *(.debug_line)
 .debug_line    0x00000000      0x158 main.o
 .debug_line    0x00000158      0x19d commands.o
 .debug_line    0x000002f5       0xba io.o
 .debug_line    0x000003af      0x3f2 t1.o
 .debug_line    0x000007a1      0x227 crypt.o
 .debug_line    0x000009c8       0xc0 example_C.o
 .debug_line    0x00000a88       0xc0 example_ASM.o
 .debug_line    0x00000b48      0x28c example_PRESENT.o

.debug_frame    0x00000000      0x220
 *(.debug_frame)
 .debug_frame   0x00000000       0x20 main.o
 .debug_frame   0x00000020       0x40 commands.o
 .debug_frame   0x00000060       0xa0 t1.o
 .debug_frame   0x00000100       0x90 crypt.o
 .debug_frame   0x00000190       0x30 example_C.o
 .debug_frame   0x000001c0       0x60 example_PRESENT.o

.debug_str      0x00000000      0x47f
 *(.debug_str)
 .debug_str     0x00000000       0xb4 main.o
                                 0xcf (size before relaxing)
 .debug_str     0x000000b4       0x8b commands.o
                                0x117 (size before relaxing)
 .debug_str     0x0000013f       0xf6 t1.o
                                0x190 (size before relaxing)
 .debug_str     0x00000235       0xc4 crypt.o
                                0x16a (size before relaxing)
 .debug_str     0x000002f9       0x4e example_C.o
                                 0xe0 (size before relaxing)
 .debug_str     0x00000347      0x138 example_PRESENT.o
                                0x1e2 (size before relaxing)

.debug_loc      0x00000000      0x8fd
 *(.debug_loc)
 .debug_loc     0x00000000       0x4a main.o
 .debug_loc     0x0000004a      0x1c0 commands.o
 .debug_loc     0x0000020a      0x249 t1.o
 .debug_loc     0x00000453      0x2a2 crypt.o
 .debug_loc     0x000006f5       0x58 example_C.o
 .debug_loc     0x0000074d      0x1b0 example_PRESENT.o

.debug_macinfo
 *(.debug_macinfo)
OUTPUT(BHW_SOSSE.elf elf32-avr)
LOAD linker stubs
