Archive member included because of file (symbol)

c:/winavr-20100110/bin/../lib/gcc/avr/4.3.3/avr5\libgcc.a(_divmodhi4.o)
                              example_PRESENT.o (__divmodhi4)
c:/winavr-20100110/bin/../lib/gcc/avr/4.3.3/avr5\libgcc.a(_exit.o)
                              c:/winavr-20100110/bin/../lib/gcc/avr/4.3.3/../../../../avr/lib/avr5/crtm163.o (exit)
c:/winavr-20100110/bin/../lib/gcc/avr/4.3.3/avr5\libgcc.a(_copy_data.o)
                              t1.o (__do_copy_data)
c:/winavr-20100110/bin/../lib/gcc/avr/4.3.3/avr5\libgcc.a(_clear_bss.o)
                              main.o (__do_clear_bss)
c:/winavr-20100110/bin/../lib/gcc/avr/4.3.3/avr5\libgcc.a(_udivmodhi4.o)
                              c:/winavr-20100110/bin/../lib/gcc/avr/4.3.3/avr5\libgcc.a(_divmodhi4.o) (__udivmodhi4)

Allocating common symbols
Common symbol       size              file

response_APDU       0x26              main.o
direction           0x1               io.o
p_command_APDU      0x2               main.o
p_response_APDU     0x2               main.o
command_APDU        0x46              main.o

Memory Configuration

Name             Origin             Length             Attributes
text             0x00000000         0x00020000         xr
data             0x00800060         0x0000ffa0         rw !x
eeprom           0x00810000         0x00010000         rw !x
fuse             0x00820000         0x00000400         rw !x
lock             0x00830000         0x00000400         rw !x
signature        0x00840000         0x00000400         rw !x
*default*        0x00000000         0xffffffff

Linker script and memory map

LOAD c:/winavr-20100110/bin/../lib/gcc/avr/4.3.3/../../../../avr/lib/avr5/crtm163.o
LOAD main.o
LOAD commands.o
LOAD io.o
LOAD t1.o
LOAD crypt.o
LOAD example_C.o
LOAD example_ASM.o
LOAD example_PRESENT.o
LOAD c:/winavr-20100110/bin/../lib/gcc/avr/4.3.3/avr5\libgcc.a
LOAD c:/winavr-20100110/bin/../lib/gcc/avr/4.3.3/../../../../avr/lib/avr5\libc.a
LOAD c:/winavr-20100110/bin/../lib/gcc/avr/4.3.3/avr5\libgcc.a

.hash
 *(.hash)

.dynsym
 *(.dynsym)

.dynstr
 *(.dynstr)

.gnu.version
 *(.gnu.version)

.gnu.version_d
 *(.gnu.version_d)

.gnu.version_r
 *(.gnu.version_r)

.rel.init
 *(.rel.init)

.rela.init
 *(.rela.init)

.rel.text
 *(.rel.text)
 *(.rel.text.*)
 *(.rel.gnu.linkonce.t*)

.rela.text
 *(.rela.text)
 *(.rela.text.*)
 *(.rela.gnu.linkonce.t*)

.rel.fini
 *(.rel.fini)

.rela.fini
 *(.rela.fini)

.rel.rodata
 *(.rel.rodata)
 *(.rel.rodata.*)
 *(.rel.gnu.linkonce.r*)

.rela.rodata
 *(.rela.rodata)
 *(.rela.rodata.*)
 *(.rela.gnu.linkonce.r*)

.rel.data
 *(.rel.data)
 *(.rel.data.*)
 *(.rel.gnu.linkonce.d*)

.rela.data
 *(.rela.data)
 *(.rela.data.*)
 *(.rela.gnu.linkonce.d*)

.rel.ctors
 *(.rel.ctors)

.rela.ctors
 *(.rela.ctors)

.rel.dtors
 *(.rel.dtors)

.rela.dtors
 *(.rela.dtors)

.rel.got
 *(.rel.got)

.rela.got
 *(.rela.got)

.rel.bss
 *(.rel.bss)

.rela.bss
 *(.rela.bss)

.rel.plt
 *(.rel.plt)

.rela.plt
 *(.rela.plt)

.text           0x00000000      0xd26
 *(.vectors)
 .vectors       0x00000000       0x48 c:/winavr-20100110/bin/../lib/gcc/avr/4.3.3/../../../../avr/lib/avr5/crtm163.o
                0x00000000                __vectors
                0x00000000                __vector_default
 *(.vectors)
 *(.progmem.gcc*)
 *(.progmem*)
                0x00000048                . = ALIGN (0x2)
                0x00000048                __trampolines_start = .
 *(.trampolines)
 .trampolines   0x00000048        0x0 linker stubs
 *(.trampolines*)
                0x00000048                __trampolines_end = .
 *(.jumptables)
 *(.jumptables*)
 *(.lowtext)
 *(.lowtext*)
                0x00000048                __ctors_start = .
 *(.ctors)
                0x00000048                __ctors_end = .
                0x00000048                __dtors_start = .
 *(.dtors)
                0x00000048                __dtors_end = .
 SORT(*)(.ctors)
 SORT(*)(.dtors)
 *(.init0)
 .init0         0x00000048        0x0 c:/winavr-20100110/bin/../lib/gcc/avr/4.3.3/../../../../avr/lib/avr5/crtm163.o
                0x00000048                __init
 *(.init0)
 *(.init1)
 *(.init1)
 *(.init2)
 .init2         0x00000048        0xc c:/winavr-20100110/bin/../lib/gcc/avr/4.3.3/../../../../avr/lib/avr5/crtm163.o
 *(.init2)
 *(.init3)
 *(.init3)
 *(.init4)
 .init4         0x00000054       0x16 c:/winavr-20100110/bin/../lib/gcc/avr/4.3.3/avr5\libgcc.a(_copy_data.o)
                0x00000054                __do_copy_data
 .init4         0x0000006a       0x10 c:/winavr-20100110/bin/../lib/gcc/avr/4.3.3/avr5\libgcc.a(_clear_bss.o)
                0x0000006a                __do_clear_bss
 *(.init4)
 *(.init5)
 *(.init5)
 *(.init6)
 *(.init6)
 *(.init7)
 *(.init7)
 *(.init8)
 *(.init8)
 *(.init9)
 .init9         0x0000007a        0x8 c:/winavr-20100110/bin/../lib/gcc/avr/4.3.3/../../../../avr/lib/avr5/crtm163.o
 *(.init9)
 *(.text)
 .text          0x00000082        0x4 c:/winavr-20100110/bin/../lib/gcc/avr/4.3.3/../../../../avr/lib/avr5/crtm163.o
                0x00000082                __vector_1
                0x00000082                __vector_12
                0x00000082                __bad_interrupt
                0x00000082                __vector_6
                0x00000082                __vector_3
                0x00000082                __vector_11
                0x00000082                __vector_13
                0x00000082                __vector_17
                0x00000082                __vector_7
                0x00000082                __vector_5
                0x00000082                __vector_4
                0x00000082                __vector_9
                0x00000082                __vector_2
                0x00000082                __vector_15
                0x00000082                __vector_8
                0x00000082                __vector_14
                0x00000082                __vector_10
                0x00000082                __vector_16
 .text          0x00000086       0x96 main.o
                0x00000086                main
 .text          0x0000011c      0x106 commands.o
                0x0000011c                command_verify_APDU_length
                0x00000132                command_handler
 .text          0x00000222      0x110 io.o
                0x000002b8                sendbytet0
                0x0000022e                recbytet0
                0x0000022a                delay1etu
 .text          0x00000332      0x2fa t1.o
                0x000004f8                t1_receive_APDU
                0x00000378                t1_set_unexpected_length
                0x00000344                t1_reset_response_APDU
                0x00000358                t1_set_class_not_supported
                0x0000049e                t1_transmit_ATR
                0x00000368                t1_set_instruction_not_supported
                0x00000332                t1_reset_command_APDU
                0x00000388                t1_send_APDU
 .text          0x0000062c      0x23a crypt.o
                0x0000062c                crypt_block_prepare_input
                0x00000658                crypt_block_prepare_output
                0x0000077c                crypt_asm_encrypt_16
                0x00000692                crypt_present_encrypt_8_key
                0x00000818                crypt_c_encrypt_16
                0x000007ca                crypt_c_decrypt_16
                0x000006e0                crypt_present_encrypt_8
                0x0000072e                crypt_asm_decrypt_16
 .text          0x00000866       0x8e example_C.o
                0x00000866                encrypt_c_16
                0x000008b2                decrypt_c_16
 .text          0x000008f4      0x104 example_ASM.o
                0x00000976                decrypt_asm_16
                0x000008f4                encrypt_asm_16
 .text          0x000009f8      0x2dc example_PRESENT.o
                0x00000a10                substitucniVrstva
                0x00000be0                encrypt_present_8
                0x000009f8                pridejRundovniKlic
                0x00000b3c                generujRundovniKlic
                0x00000a4a                permutacniVrstva
 .text          0x00000cd4        0x0 c:/winavr-20100110/bin/../lib/gcc/avr/4.3.3/avr5\libgcc.a(_divmodhi4.o)
 .text          0x00000cd4        0x0 c:/winavr-20100110/bin/../lib/gcc/avr/4.3.3/avr5\libgcc.a(_exit.o)
 .text          0x00000cd4        0x0 c:/winavr-20100110/bin/../lib/gcc/avr/4.3.3/avr5\libgcc.a(_copy_data.o)
 .text          0x00000cd4        0x0 c:/winavr-20100110/bin/../lib/gcc/avr/4.3.3/avr5\libgcc.a(_clear_bss.o)
 .text          0x00000cd4        0x0 c:/winavr-20100110/bin/../lib/gcc/avr/4.3.3/avr5\libgcc.a(_udivmodhi4.o)
                0x00000cd4                . = ALIGN (0x2)
 *(.text.*)
 .text.libgcc   0x00000cd4       0x26 c:/winavr-20100110/bin/../lib/gcc/avr/4.3.3/avr5\libgcc.a(_divmodhi4.o)
                0x00000cd4                __divmodhi4
                0x00000cd4                _div
 .text.libgcc   0x00000cfa        0x0 c:/winavr-20100110/bin/../lib/gcc/avr/4.3.3/avr5\libgcc.a(_exit.o)
 .text.libgcc   0x00000cfa        0x0 c:/winavr-20100110/bin/../lib/gcc/avr/4.3.3/avr5\libgcc.a(_copy_data.o)
 .text.libgcc   0x00000cfa        0x0 c:/winavr-20100110/bin/../lib/gcc/avr/4.3.3/avr5\libgcc.a(_clear_bss.o)
 .text.libgcc   0x00000cfa       0x28 c:/winavr-20100110/bin/../lib/gcc/avr/4.3.3/avr5\libgcc.a(_udivmodhi4.o)
                0x00000cfa                __udivmodhi4
                0x00000d22                . = ALIGN (0x2)
 *(.fini9)
 .fini9         0x00000d22        0x0 c:/winavr-20100110/bin/../lib/gcc/avr/4.3.3/avr5\libgcc.a(_exit.o)
                0x00000d22                exit
                0x00000d22                _exit
 *(.fini9)
 *(.fini8)
 *(.fini8)
 *(.fini7)
 *(.fini7)
 *(.fini6)
 *(.fini6)
 *(.fini5)
 *(.fini5)
 *(.fini4)
 *(.fini4)
 *(.fini3)
 *(.fini3)
 *(.fini2)
 *(.fini2)
 *(.fini1)
 *(.fini1)
 *(.fini0)
 .fini0         0x00000d22        0x4 c:/winavr-20100110/bin/../lib/gcc/avr/4.3.3/avr5\libgcc.a(_exit.o)
 *(.fini0)
                0x00000d26                _etext = .

.data           0x00800060       0x3a load address 0x00000d26
                0x00800060                PROVIDE (__data_start, .)
 *(.data)
 .data          0x00800060        0x0 c:/winavr-20100110/bin/../lib/gcc/avr/4.3.3/../../../../avr/lib/avr5/crtm163.o
 .data          0x00800060        0x0 main.o
 .data          0x00800060        0x0 commands.o
 .data          0x00800060        0x0 io.o
 .data          0x00800060       0x10 t1.o
                0x00800066                ATR_HISTORICAL
                0x00800060                ATR
 .data          0x00800070       0x10 crypt.o
 .data          0x00800080        0x0 example_C.o
 .data          0x00800080        0x0 example_ASM.o
 .data          0x00800080       0x1a example_PRESENT.o
 .data          0x0080009a        0x0 c:/winavr-20100110/bin/../lib/gcc/avr/4.3.3/avr5\libgcc.a(_divmodhi4.o)
 .data          0x0080009a        0x0 c:/winavr-20100110/bin/../lib/gcc/avr/4.3.3/avr5\libgcc.a(_exit.o)
 .data          0x0080009a        0x0 c:/winavr-20100110/bin/../lib/gcc/avr/4.3.3/avr5\libgcc.a(_copy_data.o)
 .data          0x0080009a        0x0 c:/winavr-20100110/bin/../lib/gcc/avr/4.3.3/avr5\libgcc.a(_clear_bss.o)
 .data          0x0080009a        0x0 c:/winavr-20100110/bin/../lib/gcc/avr/4.3.3/avr5\libgcc.a(_udivmodhi4.o)
 *(.data*)
 *(.rodata)
 *(.rodata*)
 *(.gnu.linkonce.d*)
                0x0080009a                . = ALIGN (0x2)
                0x0080009a                _edata = .
                0x0080009a                PROVIDE (__data_end, .)

.bss            0x0080009a       0xa1
                0x0080009a                PROVIDE (__bss_start, .)
 *(.bss)
 .bss           0x0080009a        0x0 c:/winavr-20100110/bin/../lib/gcc/avr/4.3.3/../../../../avr/lib/avr5/crtm163.o
 .bss           0x0080009a        0x0 main.o
 .bss           0x0080009a        0x0 commands.o
 .bss           0x0080009a        0x0 io.o
 .bss           0x0080009a        0x0 t1.o
 .bss           0x0080009a       0x30 crypt.o
 .bss           0x008000ca        0x0 example_C.o
 .bss           0x008000ca        0x0 example_ASM.o
 .bss           0x008000ca        0x0 example_PRESENT.o
 .bss           0x008000ca        0x0 c:/winavr-20100110/bin/../lib/gcc/avr/4.3.3/avr5\libgcc.a(_divmodhi4.o)
 .bss           0x008000ca        0x0 c:/winavr-20100110/bin/../lib/gcc/avr/4.3.3/avr5\libgcc.a(_exit.o)
 .bss           0x008000ca        0x0 c:/winavr-20100110/bin/../lib/gcc/avr/4.3.3/avr5\libgcc.a(_copy_data.o)
 .bss           0x008000ca        0x0 c:/winavr-20100110/bin/../lib/gcc/avr/4.3.3/avr5\libgcc.a(_clear_bss.o)
 .bss           0x008000ca        0x0 c:/winavr-20100110/bin/../lib/gcc/avr/4.3.3/avr5\libgcc.a(_udivmodhi4.o)
 *(.bss*)
 *(COMMON)
 COMMON         0x008000ca       0x70 main.o
                0x008000ca                response_APDU
                0x008000f0                p_command_APDU
                0x008000f2                p_response_APDU
                0x008000f4                command_APDU
 COMMON         0x0080013a        0x1 io.o
                0x0080013a                direction
                0x0080013b                PROVIDE (__bss_end, .)
                0x00000d26                __data_load_start = LOADADDR (.data)
                0x00000d60                __data_load_end = (__data_load_start + SIZEOF (.data))

.noinit         0x0080013b        0x0
                0x0080013b                PROVIDE (__noinit_start, .)
 *(.noinit*)
                0x0080013b                PROVIDE (__noinit_end, .)
                0x0080013b                _end = .
                0x0080013b                PROVIDE (__heap_start, .)

.eeprom         0x00810000        0x0
 *(.eeprom*)
                0x00810000                __eeprom_end = .

.fuse
 *(.fuse)
 *(.lfuse)
 *(.hfuse)
 *(.efuse)

.lock
 *(.lock*)

.signature
 *(.signature*)

.stab
 *(.stab)

.stabstr
 *(.stabstr)

.stab.excl
 *(.stab.excl)

.stab.exclstr
 *(.stab.exclstr)

.stab.index
 *(.stab.index)

.stab.indexstr
 *(.stab.indexstr)

.comment
 *(.comment)

.debug
 *(.debug)

.line
 *(.line)

.debug_srcinfo
 *(.debug_srcinfo)

.debug_sfnames
 *(.debug_sfnames)

.debug_aranges  0x00000000      0x100
 *(.debug_aranges)
 .debug_aranges
                0x00000000       0x20 main.o
 .debug_aranges
                0x00000020       0x20 commands.o
 .debug_aranges
                0x00000040       0x20 io.o
 .debug_aranges
                0x00000060       0x20 t1.o
 .debug_aranges
                0x00000080       0x20 crypt.o
 .debug_aranges
                0x000000a0       0x20 example_C.o
 .debug_aranges
                0x000000c0       0x20 example_ASM.o
 .debug_aranges
                0x000000e0       0x20 example_PRESENT.o

.debug_pubnames
                0x00000000      0x347
 *(.debug_pubnames)
 .debug_pubnames
                0x00000000       0x65 main.o
 .debug_pubnames
                0x00000065       0x45 commands.o
 .debug_pubnames
                0x000000aa       0xfc t1.o
 .debug_pubnames
                0x000001a6       0xeb crypt.o
 .debug_pubnames
                0x00000291       0x34 example_C.o
 .debug_pubnames
                0x000002c5       0x82 example_PRESENT.o

.debug_info     0x00000000     0x119d
 *(.debug_info)
 .debug_info    0x00000000      0x1ef main.o
 .debug_info    0x000001ef      0x2d2 commands.o
 .debug_info    0x000004c1       0x5e io.o
 .debug_info    0x0000051f      0x3b7 t1.o
 .debug_info    0x000008d6      0x476 crypt.o
 .debug_info    0x00000d4c      0x10a example_C.o
 .debug_info    0x00000e56       0x67 example_ASM.o
 .debug_info    0x00000ebd      0x2e0 example_PRESENT.o
 *(.gnu.linkonce.wi.*)

.debug_abbrev   0x00000000      0x5eb
 *(.debug_abbrev)
 .debug_abbrev  0x00000000       0xca main.o
 .debug_abbrev  0x000000ca      0x10b commands.o
 .debug_abbrev  0x000001d5       0x14 io.o
 .debug_abbrev  0x000001e9      0x137 t1.o
 .debug_abbrev  0x00000320      0x144 crypt.o
 .debug_abbrev  0x00000464       0xa2 example_C.o
 .debug_abbrev  0x00000506       0x14 example_ASM.o
 .debug_abbrev  0x0000051a       0xd1 example_PRESENT.o

.debug_line     0x00000000      0xca7
 *(.debug_line)
 .debug_line    0x00000000       0xf6 main.o
 .debug_line    0x000000f6      0x14c commands.o
 .debug_line    0x00000242       0xba io.o
 .debug_line    0x000002fc      0x37a t1.o
 .debug_line    0x00000676      0x225 crypt.o
 .debug_line    0x0000089b       0xc0 example_C.o
 .debug_line    0x0000095b       0xc0 example_ASM.o
 .debug_line    0x00000a1b      0x28c example_PRESENT.o

.debug_frame    0x00000000      0x200
 *(.debug_frame)
 .debug_frame   0x00000000       0x20 main.o
 .debug_frame   0x00000020       0x30 commands.o
 .debug_frame   0x00000050       0x90 t1.o
 .debug_frame   0x000000e0       0x90 crypt.o
 .debug_frame   0x00000170       0x30 example_C.o
 .debug_frame   0x000001a0       0x60 example_PRESENT.o

.debug_str      0x00000000      0x42c
 *(.debug_str)
 .debug_str     0x00000000       0xad main.o
                                 0xc8 (size before relaxing)
 .debug_str     0x000000ad       0x5c commands.o
                                 0xe1 (size before relaxing)
 .debug_str     0x00000109       0xd9 t1.o
                                0x16c (size before relaxing)
 .debug_str     0x000001e2       0xc4 crypt.o
                                0x163 (size before relaxing)
 .debug_str     0x000002a6       0x4e example_C.o
                                 0xd9 (size before relaxing)
 .debug_str     0x000002f4      0x138 example_PRESENT.o
                                0x1db (size before relaxing)

.debug_loc      0x00000000      0x7e6
 *(.debug_loc)
 .debug_loc     0x00000000      0x178 commands.o
 .debug_loc     0x00000178      0x1c4 t1.o
 .debug_loc     0x0000033c      0x2a2 crypt.o
 .debug_loc     0x000005de       0x58 example_C.o
 .debug_loc     0x00000636      0x1b0 example_PRESENT.o

.debug_macinfo
 *(.debug_macinfo)
OUTPUT(BHW_SOSSE.elf elf32-avr)
LOAD linker stubs
